
> ciunac-admin@1.5.7 build
> next build

Ôû▓ Next.js 16.1.6 (Turbopack)
- Environments: .env

  Creating an optimized production build ...
Ô£ô Compiled successfully in 6.1s
  Running TypeScript ...
node.exe : Failed to compile.
En línea: 1 Carácter: 1
+ & "C:\Program Files\nodejs/node.exe" 
"C:\Users\Luis Miguel\AppData\Ro ...
+ ~~~~~~~~~~~~~~~~~~~~~~~~~~~~~~~~~~~~~~~~
~~~~~~~~~~~~~~~~~~~~~~~~~~~~~
    + CategoryInfo          : NotSpecifie 
   d: (Failed to compile.:String) [], Re  
  moteException
    + FullyQualifiedErrorId : NativeComma 
   ndError
 

./components/ui/combobox.tsx:264:43
Type error: Type '"icon-xs"' is not 
assignable to type '"default" | "icon" | 
"sm" | "lg" | "icon-sm" | "icon-lg" | 
null | undefined'. Did you mean 
'"icon-sm"'?

[0m [90m 262 |[39m       {showRemove 
[33m&&[39m (
 [90m 263 |[39m         [33m<[39m[33m
ComboboxPrimitive[39m[33m.[39m[33mChip
Remove[39m
[31m[1m>[22m[39m[90m 264 |[39m      
     render[33m=[39m{[33m<[39m[33mBut
ton[39m 
variant[33m=[39m[32m"ghost"[39m 
size[33m=[39m[32m"icon-xs"[39m 
[33m/[39m[33m>[39m}
 [90m     |[39m                         
                  [31m[1m^[22m[39m
 [90m 265 |[39m           
className[33m=[39m[32m"-ml-1 
opacity-50 hover:opacity-100"[39m
 [90m 266 |[39m           data[33m-[39
mslot[33m=[39m[32m"combobox-chip-remove
"[39m
 [90m 267 |[39m         [33m>[39m[0m
Next.js build worker exited with code: 1 
and signal: null
