modules/perfil-docente/docentes/forms/docente.form.tsx(4,25): error TS2792: Cannot find module 'react-hook-form'. Did you mean to set the 'moduleResolution' option to 'nodenext', or to add aliases to the 'paths' option?
modules/perfil-docente/docentes/forms/docente.form.tsx(5,29): error TS2792: Cannot find module '@hookform/resolvers/zod'. Did you mean to set the 'moduleResolution' option to 'nodenext', or to add aliases to the 'paths' option?
modules/perfil-docente/docentes/forms/docente.form.tsx(7,87): error TS2792: Cannot find module '@/components/ui/card'. Did you mean to set the 'moduleResolution' option to 'nodenext', or to add aliases to the 'paths' option?
modules/perfil-docente/docentes/forms/docente.form.tsx(8,24): error TS2792: Cannot find module '@/components/ui/button'. Did you mean to set the 'moduleResolution' option to 'nodenext', or to add aliases to the 'paths' option?
modules/perfil-docente/docentes/forms/docente.form.tsx(38,17): error TS2339: Property 'form' does not exist on type 'JSX.IntrinsicElements'.
modules/perfil-docente/docentes/forms/docente.form.tsx(40,21): error TS2339: Property 'div' does not exist on type 'JSX.IntrinsicElements'.
modules/perfil-docente/docentes/forms/docente.form.tsx(41,25): error TS2339: Property 'pre' does not exist on type 'JSX.IntrinsicElements'.
modules/perfil-docente/docentes/forms/docente.form.tsx(43,25): error TS2339: Property 'pre' does not exist on type 'JSX.IntrinsicElements'.
modules/perfil-docente/docentes/forms/docente.form.tsx(44,21): error TS2339: Property 'div' does not exist on type 'JSX.IntrinsicElements'.
modules/perfil-docente/docentes/forms/docente.form.tsx(45,17): error TS2339: Property 'form' does not exist on type 'JSX.IntrinsicElements'.
modules/perfil-docente/docentes/forms/docente.schema.tsx(1,15): error TS2792: Cannot find module 'zod'. Did you mean to set the 'moduleResolution' option to 'nodenext', or to add aliases to the 'paths' option?
